
> cartalik@0.1.0 build
> next build

   Ôû▓ Next.js 15.5.12
   - Environments: .env.local

   Creating an optimized production build ...
 Ô£ô Compiled successfully in 5.5s
   Linting and checking validity of types ...
npm : Failed to 
compile.
At line:1 char:1
+ npm run build > 
build_output.txt 2>&1
+ ~~~~~~~~~~~~~~~~~~~~~
~~~~~~~~~~~~~~~~
    + CategoryInfo     
         : NotSpecifi  
  ed: (Failed to com   
 pile.:String) [],     
RemoteException
    + FullyQualifiedEr 
   rorId : NativeComm  
  andError
 

./src/app/dashboard/pag
e.tsx:72:7
Type error: Type '{ 
profile: any; links: 
any[]; subscription: 
any; analytics: any[]; 
leads: any[]; 
products: any[]; }' is 
not assignable to type 
'IntrinsicAttributes & 
Omit<DashboardClientPag
eProps, 
"subscription">'.
  Property 
'subscription' does 
not exist on type 
'IntrinsicAttributes & 
Omit<DashboardClientPag
eProps, 
"subscription">'.

[0m [90m 70 |[39m   
    profile[33m=[39m{
profile} 
 [90m 71 |[39m       
links[33m=[39m{links 
[33m||[39m []} 
[31m[1m>[22m[39m[9
0m 72 |[39m       subs
cription[33m=[39m{sub
scription} 
 [90m    |[39m       
[31m[1m^[22m[39m
 [90m 73 |[39m       
analytics[33m=[39m{an
alytics [33m||[39m 
[]} 
 [90m 74 |[39m       
leads[33m=[39m{leads}
 [90m 75 |[39m       
products[33m=[39m{pro
ducts}[0m
Next.js build worker 
exited with code: 1 
and signal: null
